Real_Time_Situation (
   Generation_Tool    => "MAST Schedulability Analysis, version 1.5.1.0",
   Generation_Profile => "/usr/local/mast/mast_analysis default /home/opolo70/mast/uah_asw/uah_asw_str1 /home/opolo70/mast/uah_asw/uah_asw_str1.out",
   Generation_Date    => 2025-05-06T13:11:40);

Transaction (
   Name     => trans_new_rejected_tc,
   Results  => 
       ((Type                          => Timing_Result,
         Event_Name                    => ev_irq18bottomhalf_signal,
         Num_Of_Suspensions            => 0,
         Worst_Blocking_Time           => 0.000,
         Worst_Global_Response_Times   => 
            ((Referenced_Event => ev_new_rejected_tc,
              Time_Value       => 0.001012)),
         Best_Global_Response_Times    => 
            ((Referenced_Event => ev_new_rejected_tc,
              Time_Value       => 1.002E-04)),
         Jitters                       => 
            ((Referenced_Event => ev_new_rejected_tc,
              Time_Value       => 9.118E-04))),
        (Type                          => Timing_Result,
         Event_Name                    => ev_rxtc_edroomirqsignal,
         Num_Of_Suspensions            => 0,
         Worst_Blocking_Time           => 0.000,
         Worst_Global_Response_Times   => 
            ((Referenced_Event => ev_new_rejected_tc,
              Time_Value       => 0.002042)),
         Best_Global_Response_Times    => 
            ((Referenced_Event => ev_new_rejected_tc,
              Time_Value       => 2.022E-04)),
         Jitters                       => 
            ((Referenced_Event => ev_new_rejected_tc,
              Time_Value       => 0.001840))),
        (Type                          => Timing_Result,
         Event_Name                    => dl_new_rejected_tc,
         Num_Of_Suspensions            => 1,
         Worst_Blocking_Time           => 1.000E-04,
         Worst_Global_Response_Times   => 
            ((Referenced_Event => ev_new_rejected_tc,
              Time_Value       => 0.015102)),
         Best_Global_Response_Times    => 
            ((Referenced_Event => ev_new_rejected_tc,
              Time_Value       => 0.001404)),
         Jitters                       => 
            ((Referenced_Event => ev_new_rejected_tc,
              Time_Value       => 0.013698)))));

Transaction (
   Name     => trans_hk_fdir,
   Results  => 
       ((Type                          => Timing_Result,
         Event_Name                    => dl_ev_hk_fdir,
         Num_Of_Suspensions            => 0,
         Worst_Blocking_Time           => 0.000,
         Worst_Global_Response_Times   => 
            ((Referenced_Event => ev_hk_fdir,
              Time_Value       => 0.024094)),
         Best_Global_Response_Times    => 
            ((Referenced_Event => ev_hk_fdir,
              Time_Value       => 0.010002)),
         Jitters                       => 
            ((Referenced_Event => ev_hk_fdir,
              Time_Value       => 0.014092)))));

Processing_Resource (
   Name     => leon3,
   Results  => 
       ((Type   => Utilization,
         Total  => 2.50%)));

